../Core/Src/main.c:75:5:main	8	static
../Core/Src/main.c:144:6:SystemClock_Config	88	static
../Core/Src/main.c:191:13:MX_FDCAN1_Init	8	static
../Core/Src/main.c:234:13:MX_I2C1_Init	8	static
../Core/Src/main.c:282:13:MX_GPIO_Init	24	static
../Core/Src/main.c:303:19:MCP9808_ReadTemp_x100	40	static
../Core/Src/main.c:350:13:CAN_TRANSMIT_MESSAGE	56	static
../Core/Src/main.c:387:6:HAL_FDCAN_TxBufferCompleteCallback	48	static
../Core/Src/main.c:393:6:HAL_FDCAN_ErrorStatusCallback	56	static
../Core/Src/main.c:404:6:Error_Handler	4	static,ignoring_inline_asm
