../Core/Src/main.c:77:5:main	200	static
../Core/Src/main.c:188:6:SystemClock_Config	88	static
../Core/Src/main.c:235:13:MX_FDCAN1_Init	8	static
../Core/Src/main.c:278:13:MX_I2C1_Init	8	static
../Core/Src/main.c:326:13:MX_GPIO_Init	24	static
../Core/Src/main.c:347:19:MCP9808_ReadTemp_x100	40	static
../Core/Src/main.c:394:13:CAN_TRANSMIT_MESSAGE	168	static
../Core/Src/main.c:458:6:HAL_FDCAN_TxBufferCompleteCallback	48	static
../Core/Src/main.c:464:6:HAL_FDCAN_ErrorStatusCallback	56	static
../Core/Src/main.c:475:6:Error_Handler	4	static,ignoring_inline_asm
